../Core/Src/main.c:114:6:timer_callback	80	static
../Core/Src/main.c:188:6:save_path_client_callback	24	static
../Core/Src/main.c:197:6:ref_client_callback	24	static
../Core/Src/main.c:206:6:mode_client_callback	24	static
../Core/Src/main.c:216:6:StartDefaultTask	216	static
../Core/Src/main.c:346:5:main	8	static
../Core/Src/main.c:408:6:SystemClock_Config	88	static
../Core/Src/main.c:463:6:HAL_TIM_PeriodElapsedCallback	16	static
../Core/Src/main.c:480:6:Error_Handler	4	static,ignoring_inline_asm
