../Core/Src/main.c:114:6:timer_callback	72	static
../Core/Src/main.c:177:6:save_path_client_callback	24	static
../Core/Src/main.c:186:6:ref_client_callback	24	static
../Core/Src/main.c:195:6:mode_client_callback	24	static
../Core/Src/main.c:205:6:StartDefaultTask	216	static
../Core/Src/main.c:335:5:main	8	static
../Core/Src/main.c:397:6:SystemClock_Config	88	static
../Core/Src/main.c:452:6:HAL_TIM_PeriodElapsedCallback	16	static
../Core/Src/main.c:469:6:Error_Handler	4	static,ignoring_inline_asm
